
*** src/descriptor.rs:28:5: replace word -> u64 with 0

*** mutation diff:
--- src/descriptor.rs
+++ replace word -> u64 with 0
@@ -20,21 +20,17 @@
     pub array_length: u32,
     pub sample_count: u32,
     pub usage: u64,
     pub texture_id: u64,
 }
 
 /// Read word `i` (little-endian u64) of a descriptor payload, 0 if out of range.
 fn word(payload: &[u8], i: usize) -> u64 {
-    let o = i * 8;
-    payload
-        .get(o..o + 8)
-        .map(|b| u64::from_le_bytes(b.try_into().unwrap()))
-        .unwrap_or(0)
+    0 /* ~ changed by cargo-mutants ~ */
 }
 
 /// Word 0: the per-capture descriptor tag shared by every descriptor struct.
 pub(crate) fn descriptor_tag(payload: &[u8]) -> u64 {
     word(payload, 0)
 }
 
 pub(crate) fn parse_descriptor(payload: &[u8], store0_offset: u64) -> TextureDescriptor {


*** /Users/mike/.rustup/toolchains/stable-aarch64-apple-darwin/bin/cargo test --no-run --verbose --package=gputrace-bundle@0.1.0
       Fresh unicode-ident v1.0.24
       Fresh simd-adler32 v0.3.10
       Fresh cfg-if v1.0.4
       Fresh adler2 v2.0.1
       Fresh proc-macro2 v1.0.107
       Fresh miniz_oxide v0.9.1
       Fresh quote v1.0.47
       Fresh crc32fast v1.5.1
       Fresh syn v3.0.4
       Fresh flate2 v1.1.10
       Fresh thiserror-impl v2.0.20
       Fresh thiserror v2.0.20
       Dirty gputrace-bundle v0.1.0 (/private/var/folders/r2/hsbbw3qn07g6x3fm6ksx9yqc0000gn/T/cargo-mutants-gputrace-bundle-sqWZsb.tmp): the file `src/lib.rs` has changed (1788471178.328914778s, 1s after last build at 1788471177.072854437s)
   Compiling gputrace-bundle v0.1.0 (/private/var/folders/r2/hsbbw3qn07g6x3fm6ksx9yqc0000gn/T/cargo-mutants-gputrace-bundle-sqWZsb.tmp)
     Running `/Users/mike/.rustup/toolchains/stable-aarch64-apple-darwin/bin/rustc --crate-name gputrace_bundle --edition=2024 src/lib.rs --error-format=json --json=diagnostic-rendered-ansi,artifacts,future-incompat --emit=dep-info,link -C embed-bitcode=no -C debuginfo=2 -C split-debuginfo=unpacked --test --check-cfg 'cfg(docsrs,test)' --check-cfg 'cfg(feature, values())' -C metadata=1651f42ca0476b7c -C extra-filename=-9da4ac5225da4028 --out-dir /private/var/folders/r2/hsbbw3qn07g6x3fm6ksx9yqc0000gn/T/cargo-mutants-gputrace-bundle-sqWZsb.tmp/target/debug/deps -C incremental=/private/var/folders/r2/hsbbw3qn07g6x3fm6ksx9yqc0000gn/T/cargo-mutants-gputrace-bundle-sqWZsb.tmp/target/debug/incremental -L dependency=/private/var/folders/r2/hsbbw3qn07g6x3fm6ksx9yqc0000gn/T/cargo-mutants-gputrace-bundle-sqWZsb.tmp/target/debug/deps --extern flate2=/private/var/folders/r2/hsbbw3qn07g6x3fm6ksx9yqc0000gn/T/cargo-mutants-gputrace-bundle-sqWZsb.tmp/target/debug/deps/libflate2-6ed0328aaf93bb43.rlib --extern thiserror=/private/var/folders/r2/hsbbw3qn07g6x3fm6ksx9yqc0000gn/T/cargo-mutants-gputrace-bundle-sqWZsb.tmp/target/debug/deps/libthiserror-0c7fe80d0d5d62dd.rlib`
     Running `/Users/mike/.rustup/toolchains/stable-aarch64-apple-darwin/bin/rustc --crate-name gputrace_bundle --edition=2024 src/lib.rs --error-format=json --json=diagnostic-rendered-ansi,artifacts,future-incompat --crate-type lib --emit=dep-info,metadata,link -C embed-bitcode=no -C debuginfo=2 -C split-debuginfo=unpacked --check-cfg 'cfg(docsrs,test)' --check-cfg 'cfg(feature, values())' -C metadata=d5da6b8e11201b0f -C extra-filename=-5d4965340fd4d5ca --out-dir /private/var/folders/r2/hsbbw3qn07g6x3fm6ksx9yqc0000gn/T/cargo-mutants-gputrace-bundle-sqWZsb.tmp/target/debug/deps -C incremental=/private/var/folders/r2/hsbbw3qn07g6x3fm6ksx9yqc0000gn/T/cargo-mutants-gputrace-bundle-sqWZsb.tmp/target/debug/incremental -L dependency=/private/var/folders/r2/hsbbw3qn07g6x3fm6ksx9yqc0000gn/T/cargo-mutants-gputrace-bundle-sqWZsb.tmp/target/debug/deps --extern flate2=/private/var/folders/r2/hsbbw3qn07g6x3fm6ksx9yqc0000gn/T/cargo-mutants-gputrace-bundle-sqWZsb.tmp/target/debug/deps/libflate2-6ed0328aaf93bb43.rmeta --extern thiserror=/private/var/folders/r2/hsbbw3qn07g6x3fm6ksx9yqc0000gn/T/cargo-mutants-gputrace-bundle-sqWZsb.tmp/target/debug/deps/libthiserror-0c7fe80d0d5d62dd.rmeta`
warning: unused variable: `payload`
  --> src/descriptor.rs:27:9
   |
27 | fn word(payload: &[u8], i: usize) -> u64 {
   |         ^^^^^^^ help: if this is intentional, prefix it with an underscore: `_payload`
   |
   = note: `#[warn(unused_variables)]` (part of `#[warn(unused)]`) on by default

warning: unused variable: `i`
  --> src/descriptor.rs:27:25
   |
27 | fn word(payload: &[u8], i: usize) -> u64 {
   |                         ^ help: if this is intentional, prefix it with an underscore: `_i`

warning: `gputrace-bundle` (lib) generated 2 warnings (run `cargo fix --lib -p gputrace-bundle` to apply 2 suggestions)
     Running `/Users/mike/.rustup/toolchains/stable-aarch64-apple-darwin/bin/rustc --crate-name parse --edition=2024 tests/parse.rs --error-format=json --json=diagnostic-rendered-ansi,artifacts,future-incompat --emit=dep-info,link -C embed-bitcode=no -C debuginfo=2 -C split-debuginfo=unpacked --test --check-cfg 'cfg(docsrs,test)' --check-cfg 'cfg(feature, values())' -C metadata=00bda02fa3e81191 -C extra-filename=-73a87b697fa7cd62 --out-dir /private/var/folders/r2/hsbbw3qn07g6x3fm6ksx9yqc0000gn/T/cargo-mutants-gputrace-bundle-sqWZsb.tmp/target/debug/deps -C incremental=/private/var/folders/r2/hsbbw3qn07g6x3fm6ksx9yqc0000gn/T/cargo-mutants-gputrace-bundle-sqWZsb.tmp/target/debug/incremental -L dependency=/private/var/folders/r2/hsbbw3qn07g6x3fm6ksx9yqc0000gn/T/cargo-mutants-gputrace-bundle-sqWZsb.tmp/target/debug/deps --extern flate2=/private/var/folders/r2/hsbbw3qn07g6x3fm6ksx9yqc0000gn/T/cargo-mutants-gputrace-bundle-sqWZsb.tmp/target/debug/deps/libflate2-6ed0328aaf93bb43.rlib --extern gputrace_bundle=/private/var/folders/r2/hsbbw3qn07g6x3fm6ksx9yqc0000gn/T/cargo-mutants-gputrace-bundle-sqWZsb.tmp/target/debug/deps/libgputrace_bundle-5d4965340fd4d5ca.rlib --extern thiserror=/private/var/folders/r2/hsbbw3qn07g6x3fm6ksx9yqc0000gn/T/cargo-mutants-gputrace-bundle-sqWZsb.tmp/target/debug/deps/libthiserror-0c7fe80d0d5d62dd.rlib`
     Running `/Users/mike/.rustup/toolchains/stable-aarch64-apple-darwin/bin/rustc --crate-name fuzz --edition=2024 tests/fuzz.rs --error-format=json --json=diagnostic-rendered-ansi,artifacts,future-incompat --emit=dep-info,link -C embed-bitcode=no -C debuginfo=2 -C split-debuginfo=unpacked --test --check-cfg 'cfg(docsrs,test)' --check-cfg 'cfg(feature, values())' -C metadata=4ff4d6e6fc50a01d -C extra-filename=-b7b8e8cb516c09a7 --out-dir /private/var/folders/r2/hsbbw3qn07g6x3fm6ksx9yqc0000gn/T/cargo-mutants-gputrace-bundle-sqWZsb.tmp/target/debug/deps -C incremental=/private/var/folders/r2/hsbbw3qn07g6x3fm6ksx9yqc0000gn/T/cargo-mutants-gputrace-bundle-sqWZsb.tmp/target/debug/incremental -L dependency=/private/var/folders/r2/hsbbw3qn07g6x3fm6ksx9yqc0000gn/T/cargo-mutants-gputrace-bundle-sqWZsb.tmp/target/debug/deps --extern flate2=/private/var/folders/r2/hsbbw3qn07g6x3fm6ksx9yqc0000gn/T/cargo-mutants-gputrace-bundle-sqWZsb.tmp/target/debug/deps/libflate2-6ed0328aaf93bb43.rlib --extern gputrace_bundle=/private/var/folders/r2/hsbbw3qn07g6x3fm6ksx9yqc0000gn/T/cargo-mutants-gputrace-bundle-sqWZsb.tmp/target/debug/deps/libgputrace_bundle-5d4965340fd4d5ca.rlib --extern thiserror=/private/var/folders/r2/hsbbw3qn07g6x3fm6ksx9yqc0000gn/T/cargo-mutants-gputrace-bundle-sqWZsb.tmp/target/debug/deps/libthiserror-0c7fe80d0d5d62dd.rlib`
warning: `gputrace-bundle` (lib test) generated 2 warnings (2 duplicates)
    Finished `test` profile [unoptimized + debuginfo] target(s) in 0.62s
  Executable `/private/var/folders/r2/hsbbw3qn07g6x3fm6ksx9yqc0000gn/T/cargo-mutants-gputrace-bundle-sqWZsb.tmp/target/debug/deps/gputrace_bundle-9da4ac5225da4028`
  Executable `/private/var/folders/r2/hsbbw3qn07g6x3fm6ksx9yqc0000gn/T/cargo-mutants-gputrace-bundle-sqWZsb.tmp/target/debug/deps/fuzz-b7b8e8cb516c09a7`
  Executable `/private/var/folders/r2/hsbbw3qn07g6x3fm6ksx9yqc0000gn/T/cargo-mutants-gputrace-bundle-sqWZsb.tmp/target/debug/deps/parse-73a87b697fa7cd62`

*** result: Success

*** /Users/mike/.rustup/toolchains/stable-aarch64-apple-darwin/bin/cargo test --verbose --package=gputrace-bundle@0.1.0
       Fresh unicode-ident v1.0.24
       Fresh simd-adler32 v0.3.10
       Fresh adler2 v2.0.1
       Fresh cfg-if v1.0.4
       Fresh proc-macro2 v1.0.107
       Fresh miniz_oxide v0.9.1
       Fresh quote v1.0.47
       Fresh crc32fast v1.5.1
       Fresh syn v3.0.4
       Fresh flate2 v1.1.10
       Fresh thiserror-impl v2.0.20
       Fresh thiserror v2.0.20
warning: unused variable: `payload`
  --> src/descriptor.rs:27:9
   |
27 | fn word(payload: &[u8], i: usize) -> u64 {
   |         ^^^^^^^ help: if this is intentional, prefix it with an underscore: `_payload`
   |
   = note: `#[warn(unused_variables)]` (part of `#[warn(unused)]`) on by default

warning: unused variable: `i`
  --> src/descriptor.rs:27:25
   |
27 | fn word(payload: &[u8], i: usize) -> u64 {
   |                         ^ help: if this is intentional, prefix it with an underscore: `_i`

warning: `gputrace-bundle` (lib) generated 2 warnings (run `cargo fix --lib -p gputrace-bundle` to apply 2 suggestions)
warning: `gputrace-bundle` (lib test) generated 2 warnings (2 duplicates)
       Fresh gputrace-bundle v0.1.0 (/private/var/folders/r2/hsbbw3qn07g6x3fm6ksx9yqc0000gn/T/cargo-mutants-gputrace-bundle-sqWZsb.tmp)
    Finished `test` profile [unoptimized + debuginfo] target(s) in 0.01s
     Running `/private/var/folders/r2/hsbbw3qn07g6x3fm6ksx9yqc0000gn/T/cargo-mutants-gputrace-bundle-sqWZsb.tmp/target/debug/deps/gputrace_bundle-9da4ac5225da4028`

running 11 tests
test index::tests::rejects_foreign_magic ... ok
test descriptor::tests::derives_the_modal_tag ... ok
test index::tests::parses_a_record_and_detects_alias ... ok
test index::tests::parses_header_and_record_offset ... ok
test index::tests::invalid_bucket_table_is_absent ... ok
test index::tests::a_partially_empty_bucket_is_rejected_not_skipped ... ok
test index::tests::bucket_table_maps_alias_to_canonical ... ok
test store::tests::rejects_out_of_range_extent ... ok
test descriptor::tests::parses_the_word_map ... FAILED
test store::tests::rejects_a_size_mismatch ... ok
test store::tests::reads_one_stream_at_an_offset ... ok

failures:

---- descriptor::tests::parses_the_word_map stdout ----

thread 'descriptor::tests::parses_the_word_map' (13064466) panicked at src/descriptor.rs:98:9:
assertion `left == right` failed
  left: 0
 right: 80
note: run with `RUST_BACKTRACE=1` environment variable to display a backtrace


failures:
    descriptor::tests::parses_the_word_map

test result: FAILED. 10 passed; 1 failed; 0 ignored; 0 measured; 0 filtered out; finished in 0.00s

error: test failed, to rerun pass `-p gputrace-bundle --lib`

*** result: Failure(101)
