
*** src/index.rs:48:9: replace Record::parse_at -> Option<Record> with Some(Default::default())

*** mutation diff:
--- src/index.rs
+++ replace Record::parse_at -> Option<Record> with Some(Default::default())
@@ -40,22 +40,17 @@
 pub(crate) struct Record {
     pub usize_len: u32,
     pub csize: u32,
     pub store0_offset: u64,
 }
 
 impl Record {
     pub fn parse_at(index: &[u8], off: usize) -> Option<Record> {
-        let b = index.get(off..off.checked_add(RECORD_SIZE)?)?;
-        Some(Record {
-            usize_len: u32::from_le_bytes(b[0..4].try_into().unwrap()),
-            csize: u32::from_le_bytes(b[4..8].try_into().unwrap()),
-            store0_offset: u64::from_le_bytes(b[8..16].try_into().unwrap()),
-        })
+        Some(Default::default()) /* ~ changed by cargo-mutants ~ */
     }
 
     /// An alias carries a marker where an extent would be: `store0_offset == 0`
     /// and `csize == this record's own index`. Its bytes live in a canonical
     /// record reached via the bucket table.
     pub fn is_alias(&self, id: usize) -> bool {
         self.store0_offset == 0 && self.csize as usize == id
     }


*** /Users/mike/.rustup/toolchains/stable-aarch64-apple-darwin/bin/cargo test --no-run --verbose --package=gputrace-bundle@0.1.0
       Fresh unicode-ident v1.0.24
       Fresh simd-adler32 v0.3.10
       Fresh cfg-if v1.0.4
       Fresh adler2 v2.0.1
       Fresh proc-macro2 v1.0.107
       Fresh miniz_oxide v0.9.1
       Fresh quote v1.0.47
       Fresh crc32fast v1.5.1
       Fresh syn v3.0.4
       Fresh flate2 v1.1.10
       Fresh thiserror-impl v2.0.20
       Fresh thiserror v2.0.20
       Dirty gputrace-bundle v0.1.0 (/private/var/folders/r2/hsbbw3qn07g6x3fm6ksx9yqc0000gn/T/cargo-mutants-gputrace-bundle-sqWZsb.tmp): the file `src/index.rs` has changed (1788471199.657042550s, 1s after last build at 1788471198.775007525s)
   Compiling gputrace-bundle v0.1.0 (/private/var/folders/r2/hsbbw3qn07g6x3fm6ksx9yqc0000gn/T/cargo-mutants-gputrace-bundle-sqWZsb.tmp)
     Running `/Users/mike/.rustup/toolchains/stable-aarch64-apple-darwin/bin/rustc --crate-name gputrace_bundle --edition=2024 src/lib.rs --error-format=json --json=diagnostic-rendered-ansi,artifacts,future-incompat --emit=dep-info,link -C embed-bitcode=no -C debuginfo=2 -C split-debuginfo=unpacked --test --check-cfg 'cfg(docsrs,test)' --check-cfg 'cfg(feature, values())' -C metadata=1651f42ca0476b7c -C extra-filename=-9da4ac5225da4028 --out-dir /private/var/folders/r2/hsbbw3qn07g6x3fm6ksx9yqc0000gn/T/cargo-mutants-gputrace-bundle-sqWZsb.tmp/target/debug/deps -C incremental=/private/var/folders/r2/hsbbw3qn07g6x3fm6ksx9yqc0000gn/T/cargo-mutants-gputrace-bundle-sqWZsb.tmp/target/debug/incremental -L dependency=/private/var/folders/r2/hsbbw3qn07g6x3fm6ksx9yqc0000gn/T/cargo-mutants-gputrace-bundle-sqWZsb.tmp/target/debug/deps --extern flate2=/private/var/folders/r2/hsbbw3qn07g6x3fm6ksx9yqc0000gn/T/cargo-mutants-gputrace-bundle-sqWZsb.tmp/target/debug/deps/libflate2-6ed0328aaf93bb43.rlib --extern thiserror=/private/var/folders/r2/hsbbw3qn07g6x3fm6ksx9yqc0000gn/T/cargo-mutants-gputrace-bundle-sqWZsb.tmp/target/debug/deps/libthiserror-0c7fe80d0d5d62dd.rlib`
     Running `/Users/mike/.rustup/toolchains/stable-aarch64-apple-darwin/bin/rustc --crate-name gputrace_bundle --edition=2024 src/lib.rs --error-format=json --json=diagnostic-rendered-ansi,artifacts,future-incompat --crate-type lib --emit=dep-info,metadata,link -C embed-bitcode=no -C debuginfo=2 -C split-debuginfo=unpacked --check-cfg 'cfg(docsrs,test)' --check-cfg 'cfg(feature, values())' -C metadata=d5da6b8e11201b0f -C extra-filename=-5d4965340fd4d5ca --out-dir /private/var/folders/r2/hsbbw3qn07g6x3fm6ksx9yqc0000gn/T/cargo-mutants-gputrace-bundle-sqWZsb.tmp/target/debug/deps -C incremental=/private/var/folders/r2/hsbbw3qn07g6x3fm6ksx9yqc0000gn/T/cargo-mutants-gputrace-bundle-sqWZsb.tmp/target/debug/incremental -L dependency=/private/var/folders/r2/hsbbw3qn07g6x3fm6ksx9yqc0000gn/T/cargo-mutants-gputrace-bundle-sqWZsb.tmp/target/debug/deps --extern flate2=/private/var/folders/r2/hsbbw3qn07g6x3fm6ksx9yqc0000gn/T/cargo-mutants-gputrace-bundle-sqWZsb.tmp/target/debug/deps/libflate2-6ed0328aaf93bb43.rmeta --extern thiserror=/private/var/folders/r2/hsbbw3qn07g6x3fm6ksx9yqc0000gn/T/cargo-mutants-gputrace-bundle-sqWZsb.tmp/target/debug/deps/libthiserror-0c7fe80d0d5d62dd.rmeta`
error[E0277]: the trait bound `Record: Default` is not satisfied
  --> src/index.rs:48:14
   |
48 |         Some(Default::default()) /* ~ changed by cargo-mutants ~ */
   |              ^^^^^^^^^^^^^^^^^^ the trait `Default` is not implemented for `Record`
   |
help: consider annotating `Record` with `#[derive(Default)]`
   |
40 + #[derive(Default)]
41 | pub(crate) struct Record {
   |

For more information about this error, try `rustc --explain E0277`.
error[E0277]: the trait bound `index::Record: Default` is not satisfied
  --> src/index.rs:48:14
   |
48 |         Some(Default::default()) /* ~ changed by cargo-mutants ~ */
   |              ^^^^^^^^^^^^^^^^^^ the trait `Default` is not implemented for `index::Record`
   |
help: consider annotating `index::Record` with `#[derive(Default)]`
   |
40 + #[derive(Default)]
41 | pub(crate) struct Record {
   |

error: could not compile `gputrace-bundle` (lib) due to 1 previous error

Caused by:
  process didn't exit successfully: `/Users/mike/.rustup/toolchains/stable-aarch64-apple-darwin/bin/rustc --crate-name gputrace_bundle --edition=2024 src/lib.rs --error-format=json --json=diagnostic-rendered-ansi,artifacts,future-incompat --crate-type lib --emit=dep-info,metadata,link -C embed-bitcode=no -C debuginfo=2 -C split-debuginfo=unpacked --check-cfg 'cfg(docsrs,test)' --check-cfg 'cfg(feature, values())' -C metadata=d5da6b8e11201b0f -C extra-filename=-5d4965340fd4d5ca --out-dir /private/var/folders/r2/hsbbw3qn07g6x3fm6ksx9yqc0000gn/T/cargo-mutants-gputrace-bundle-sqWZsb.tmp/target/debug/deps -C incremental=/private/var/folders/r2/hsbbw3qn07g6x3fm6ksx9yqc0000gn/T/cargo-mutants-gputrace-bundle-sqWZsb.tmp/target/debug/incremental -L dependency=/private/var/folders/r2/hsbbw3qn07g6x3fm6ksx9yqc0000gn/T/cargo-mutants-gputrace-bundle-sqWZsb.tmp/target/debug/deps --extern flate2=/private/var/folders/r2/hsbbw3qn07g6x3fm6ksx9yqc0000gn/T/cargo-mutants-gputrace-bundle-sqWZsb.tmp/target/debug/deps/libflate2-6ed0328aaf93bb43.rmeta --extern thiserror=/private/var/folders/r2/hsbbw3qn07g6x3fm6ksx9yqc0000gn/T/cargo-mutants-gputrace-bundle-sqWZsb.tmp/target/debug/deps/libthiserror-0c7fe80d0d5d62dd.rmeta` (exit status: 1)
warning: build failed, waiting for other jobs to finish...
error: could not compile `gputrace-bundle` (lib test) due to 1 previous error

Caused by:
  process didn't exit successfully: `/Users/mike/.rustup/toolchains/stable-aarch64-apple-darwin/bin/rustc --crate-name gputrace_bundle --edition=2024 src/lib.rs --error-format=json --json=diagnostic-rendered-ansi,artifacts,future-incompat --emit=dep-info,link -C embed-bitcode=no -C debuginfo=2 -C split-debuginfo=unpacked --test --check-cfg 'cfg(docsrs,test)' --check-cfg 'cfg(feature, values())' -C metadata=1651f42ca0476b7c -C extra-filename=-9da4ac5225da4028 --out-dir /private/var/folders/r2/hsbbw3qn07g6x3fm6ksx9yqc0000gn/T/cargo-mutants-gputrace-bundle-sqWZsb.tmp/target/debug/deps -C incremental=/private/var/folders/r2/hsbbw3qn07g6x3fm6ksx9yqc0000gn/T/cargo-mutants-gputrace-bundle-sqWZsb.tmp/target/debug/incremental -L dependency=/private/var/folders/r2/hsbbw3qn07g6x3fm6ksx9yqc0000gn/T/cargo-mutants-gputrace-bundle-sqWZsb.tmp/target/debug/deps --extern flate2=/private/var/folders/r2/hsbbw3qn07g6x3fm6ksx9yqc0000gn/T/cargo-mutants-gputrace-bundle-sqWZsb.tmp/target/debug/deps/libflate2-6ed0328aaf93bb43.rlib --extern thiserror=/private/var/folders/r2/hsbbw3qn07g6x3fm6ksx9yqc0000gn/T/cargo-mutants-gputrace-bundle-sqWZsb.tmp/target/debug/deps/libthiserror-0c7fe80d0d5d62dd.rlib` (exit status: 1)

*** result: Failure(101)
