
*** src/lib.rs:48:9: replace Bundle::open -> Result<Bundle, Error> with Ok(Default::default())

*** mutation diff:
--- src/lib.rs
+++ replace Bundle::open -> Result<Bundle, Error> with Ok(Default::default())
@@ -40,86 +40,17 @@
 #[derive(Debug)]
 pub struct Bundle {
     name: String,
     textures: Vec<TextureDescriptor>,
 }
 
 impl Bundle {
     pub fn open(path: &Path) -> Result<Bundle, Error> {
-        if !path.is_dir() {
-            return Err(Error::NotABundle(path.to_path_buf()));
-        }
-        let index = read_member(path, "index")?;
-        let store0 = read_member(path, "store0")?;
-
-        let header = Header::parse(&index)?;
-        let rec_off = header.record_array_offset()?;
-        // `record_count` is untrusted (a u32 straight from the header); bound
-        // it by the actual index size before trusting it to size an
-        // allocation - a huge claimed count with a short index is rejected
-        // here rather than driving a huge `Vec::with_capacity`.
-        let record_array_len = (header.record_count as usize)
-            .checked_mul(RECORD_SIZE)
-            .and_then(|len| rec_off.checked_add(len))
-            .ok_or(Error::BadIndex("record array exceeds index size"))?;
-        if record_array_len > index.len() {
-            return Err(Error::BadIndex("record array exceeds index size"));
-        }
-        let mut records = Vec::with_capacity(header.record_count as usize);
-        for i in 0..header.record_count as usize {
-            let r = Record::parse_at(&index, rec_off + i * RECORD_SIZE)
-                .ok_or(Error::BadIndex("record array truncated"))?;
-            records.push(r);
-        }
-        let buckets = Buckets::build(&index, &header);
-        let canonical = |id: usize| buckets.as_ref().map(|b| b.canonical(id)).unwrap_or(id);
-
-        // Collect every 248-byte record's payload (alias-resolved), with the
-        // canonical record's store0 offset.
-        let mut payloads: Vec<(u64, Vec<u8>)> = Vec::new();
-        for (id, r) in records.iter().enumerate() {
-            if r.usize_len as usize != DESC_SIZE {
-                continue;
-            }
-            let cid = canonical(id);
-            let cr = match records.get(cid) {
-                // canonical must hold real bytes, and be a 248-byte descriptor
-                // itself - otherwise an alias could redirect to a record with
-                // an arbitrary `usize_len`, forcing a huge transient
-                // allocation in `store::read_extent`.
-                Some(cr) if !cr.is_alias(cid) && cr.usize_len as usize == DESC_SIZE => cr,
-                _ => continue,
-            };
-            if let Some(p) = store::read_extent(&store0, cr.store0_offset, cr.csize, cr.usize_len)
-                && p.len() == DESC_SIZE
-            {
-                payloads.push((cr.store0_offset, p));
-            }
-        }
-
-        let tag = derive_tag(
-            &payloads
-                .iter()
-                .map(|(_, p)| descriptor_tag(p))
-                .collect::<Vec<_>>(),
-        );
-        let mut textures: Vec<TextureDescriptor> = payloads
-            .iter()
-            .filter(|(_, p)| Some(descriptor_tag(p)) == tag)
-            .map(|(off, p)| parse_descriptor(p, *off))
-            .collect();
-        textures.sort_by_key(|d| d.store0_offset);
-
-        let name = path
-            .file_stem()
-            .and_then(|s| s.to_str())
-            .unwrap_or("trace")
-            .to_string();
-        Ok(Bundle { name, textures })
+        Ok(Default::default()) /* ~ changed by cargo-mutants ~ */
     }
 
     /// Texture descriptors, sorted by `store0_offset` ascending (the bridge
     /// order that corresponds rank-for-rank with ascending fetch streamRefs).
     pub fn textures(&self) -> &[TextureDescriptor] {
         &self.textures
     }
 


*** /Users/mike/.rustup/toolchains/stable-aarch64-apple-darwin/bin/cargo test --no-run --verbose --package=gputrace-bundle@0.1.0
       Fresh unicode-ident v1.0.24
       Fresh simd-adler32 v0.3.10
       Fresh adler2 v2.0.1
       Fresh cfg-if v1.0.4
       Fresh proc-macro2 v1.0.107
       Fresh miniz_oxide v0.9.1
       Fresh quote v1.0.47
       Fresh crc32fast v1.5.1
       Fresh syn v3.0.4
       Fresh flate2 v1.1.10
       Fresh thiserror-impl v2.0.20
       Fresh thiserror v2.0.20
       Dirty gputrace-bundle v0.1.0 (/private/var/folders/r2/hsbbw3qn07g6x3fm6ksx9yqc0000gn/T/cargo-mutants-gputrace-bundle-sqWZsb.tmp): the file `src/lib.rs` has changed (1788471147.609248786s, 1s after last build at 1788471146.370202020s)
   Compiling gputrace-bundle v0.1.0 (/private/var/folders/r2/hsbbw3qn07g6x3fm6ksx9yqc0000gn/T/cargo-mutants-gputrace-bundle-sqWZsb.tmp)
     Running `/Users/mike/.rustup/toolchains/stable-aarch64-apple-darwin/bin/rustc --crate-name gputrace_bundle --edition=2024 src/lib.rs --error-format=json --json=diagnostic-rendered-ansi,artifacts,future-incompat --emit=dep-info,link -C embed-bitcode=no -C debuginfo=2 -C split-debuginfo=unpacked --test --check-cfg 'cfg(docsrs,test)' --check-cfg 'cfg(feature, values())' -C metadata=1651f42ca0476b7c -C extra-filename=-9da4ac5225da4028 --out-dir /private/var/folders/r2/hsbbw3qn07g6x3fm6ksx9yqc0000gn/T/cargo-mutants-gputrace-bundle-sqWZsb.tmp/target/debug/deps -C incremental=/private/var/folders/r2/hsbbw3qn07g6x3fm6ksx9yqc0000gn/T/cargo-mutants-gputrace-bundle-sqWZsb.tmp/target/debug/incremental -L dependency=/private/var/folders/r2/hsbbw3qn07g6x3fm6ksx9yqc0000gn/T/cargo-mutants-gputrace-bundle-sqWZsb.tmp/target/debug/deps --extern flate2=/private/var/folders/r2/hsbbw3qn07g6x3fm6ksx9yqc0000gn/T/cargo-mutants-gputrace-bundle-sqWZsb.tmp/target/debug/deps/libflate2-6ed0328aaf93bb43.rlib --extern thiserror=/private/var/folders/r2/hsbbw3qn07g6x3fm6ksx9yqc0000gn/T/cargo-mutants-gputrace-bundle-sqWZsb.tmp/target/debug/deps/libthiserror-0c7fe80d0d5d62dd.rlib`
     Running `/Users/mike/.rustup/toolchains/stable-aarch64-apple-darwin/bin/rustc --crate-name gputrace_bundle --edition=2024 src/lib.rs --error-format=json --json=diagnostic-rendered-ansi,artifacts,future-incompat --crate-type lib --emit=dep-info,metadata,link -C embed-bitcode=no -C debuginfo=2 -C split-debuginfo=unpacked --check-cfg 'cfg(docsrs,test)' --check-cfg 'cfg(feature, values())' -C metadata=d5da6b8e11201b0f -C extra-filename=-5d4965340fd4d5ca --out-dir /private/var/folders/r2/hsbbw3qn07g6x3fm6ksx9yqc0000gn/T/cargo-mutants-gputrace-bundle-sqWZsb.tmp/target/debug/deps -C incremental=/private/var/folders/r2/hsbbw3qn07g6x3fm6ksx9yqc0000gn/T/cargo-mutants-gputrace-bundle-sqWZsb.tmp/target/debug/incremental -L dependency=/private/var/folders/r2/hsbbw3qn07g6x3fm6ksx9yqc0000gn/T/cargo-mutants-gputrace-bundle-sqWZsb.tmp/target/debug/deps --extern flate2=/private/var/folders/r2/hsbbw3qn07g6x3fm6ksx9yqc0000gn/T/cargo-mutants-gputrace-bundle-sqWZsb.tmp/target/debug/deps/libflate2-6ed0328aaf93bb43.rmeta --extern thiserror=/private/var/folders/r2/hsbbw3qn07g6x3fm6ksx9yqc0000gn/T/cargo-mutants-gputrace-bundle-sqWZsb.tmp/target/debug/deps/libthiserror-0c7fe80d0d5d62dd.rmeta`
warning: unused imports: `DESC_SIZE`, `derive_tag`, `descriptor_tag`, and `parse_descriptor`
  --> src/lib.rs:15:18
   |
15 | use descriptor::{DESC_SIZE, derive_tag, descriptor_tag, parse_descriptor};
   |                  ^^^^^^^^^  ^^^^^^^^^^  ^^^^^^^^^^^^^^  ^^^^^^^^^^^^^^^^
   |
   = note: `#[warn(unused_imports)]` (part of `#[warn(unused)]`) on by default

warning: unused imports: `Buckets`, `Header`, `RECORD_SIZE`, and `Record`
  --> src/lib.rs:16:13
   |
16 | use index::{Buckets, Header, RECORD_SIZE, Record};
   |             ^^^^^^^  ^^^^^^  ^^^^^^^^^^^  ^^^^^^

error[E0277]: the trait bound `Bundle: Default` is not satisfied
  --> src/lib.rs:48:12
   |
48 |         Ok(Default::default()) /* ~ changed by cargo-mutants ~ */
   |            ^^^^^^^^^^^^^^^^^^ the trait `Default` is not implemented for `Bundle`
   |
help: consider annotating `Bundle` with `#[derive(Default)]`
   |
41 + #[derive(Default)]
42 | pub struct Bundle {
   |

For more information about this error, try `rustc --explain E0277`.
warning: `gputrace-bundle` (lib) generated 2 warnings (2 duplicates)
error: could not compile `gputrace-bundle` (lib) due to 1 previous error; 2 warnings emitted

Caused by:
  process didn't exit successfully: `/Users/mike/.rustup/toolchains/stable-aarch64-apple-darwin/bin/rustc --crate-name gputrace_bundle --edition=2024 src/lib.rs --error-format=json --json=diagnostic-rendered-ansi,artifacts,future-incompat --crate-type lib --emit=dep-info,metadata,link -C embed-bitcode=no -C debuginfo=2 -C split-debuginfo=unpacked --check-cfg 'cfg(docsrs,test)' --check-cfg 'cfg(feature, values())' -C metadata=d5da6b8e11201b0f -C extra-filename=-5d4965340fd4d5ca --out-dir /private/var/folders/r2/hsbbw3qn07g6x3fm6ksx9yqc0000gn/T/cargo-mutants-gputrace-bundle-sqWZsb.tmp/target/debug/deps -C incremental=/private/var/folders/r2/hsbbw3qn07g6x3fm6ksx9yqc0000gn/T/cargo-mutants-gputrace-bundle-sqWZsb.tmp/target/debug/incremental -L dependency=/private/var/folders/r2/hsbbw3qn07g6x3fm6ksx9yqc0000gn/T/cargo-mutants-gputrace-bundle-sqWZsb.tmp/target/debug/deps --extern flate2=/private/var/folders/r2/hsbbw3qn07g6x3fm6ksx9yqc0000gn/T/cargo-mutants-gputrace-bundle-sqWZsb.tmp/target/debug/deps/libflate2-6ed0328aaf93bb43.rmeta --extern thiserror=/private/var/folders/r2/hsbbw3qn07g6x3fm6ksx9yqc0000gn/T/cargo-mutants-gputrace-bundle-sqWZsb.tmp/target/debug/deps/libthiserror-0c7fe80d0d5d62dd.rmeta` (exit status: 1)
warning: build failed, waiting for other jobs to finish...
warning: `gputrace-bundle` (lib test) generated 2 warnings
error: could not compile `gputrace-bundle` (lib test) due to 1 previous error; 2 warnings emitted

Caused by:
  process didn't exit successfully: `/Users/mike/.rustup/toolchains/stable-aarch64-apple-darwin/bin/rustc --crate-name gputrace_bundle --edition=2024 src/lib.rs --error-format=json --json=diagnostic-rendered-ansi,artifacts,future-incompat --emit=dep-info,link -C embed-bitcode=no -C debuginfo=2 -C split-debuginfo=unpacked --test --check-cfg 'cfg(docsrs,test)' --check-cfg 'cfg(feature, values())' -C metadata=1651f42ca0476b7c -C extra-filename=-9da4ac5225da4028 --out-dir /private/var/folders/r2/hsbbw3qn07g6x3fm6ksx9yqc0000gn/T/cargo-mutants-gputrace-bundle-sqWZsb.tmp/target/debug/deps -C incremental=/private/var/folders/r2/hsbbw3qn07g6x3fm6ksx9yqc0000gn/T/cargo-mutants-gputrace-bundle-sqWZsb.tmp/target/debug/incremental -L dependency=/private/var/folders/r2/hsbbw3qn07g6x3fm6ksx9yqc0000gn/T/cargo-mutants-gputrace-bundle-sqWZsb.tmp/target/debug/deps --extern flate2=/private/var/folders/r2/hsbbw3qn07g6x3fm6ksx9yqc0000gn/T/cargo-mutants-gputrace-bundle-sqWZsb.tmp/target/debug/deps/libflate2-6ed0328aaf93bb43.rlib --extern thiserror=/private/var/folders/r2/hsbbw3qn07g6x3fm6ksx9yqc0000gn/T/cargo-mutants-gputrace-bundle-sqWZsb.tmp/target/debug/deps/libthiserror-0c7fe80d0d5d62dd.rlib` (exit status: 1)

*** result: Failure(101)
