
*** src/descriptor.rs:59:5: replace derive_tag -> Option<u64> with Some(0)

*** mutation diff:
--- src/descriptor.rs
+++ replace derive_tag -> Option<u64> with Some(0)
@@ -51,23 +51,17 @@
         usage: word(payload, 11),
         texture_id: word(payload, 17),
     }
 }
 
 /// The capture's descriptor tag: the most common word-0 value among the
 /// 248-byte payloads. `None` when there are none.
 pub(crate) fn derive_tag(word0s: &[u64]) -> Option<u64> {
-    let mut votes: HashMap<u64, usize> = HashMap::new();
-    for &w in word0s {
-        *votes.entry(w).or_default() += 1;
-    }
-    // Ties are broken by the tag value (the larger wins), so the result is
-    // deterministic rather than dependent on HashMap iteration order.
-    votes.into_iter().max_by_key(|&(w, n)| (n, w)).map(|(w, _)| w)
+    Some(0) /* ~ changed by cargo-mutants ~ */
 }
 
 #[cfg(test)]
 mod tests {
     use super::*;
 
     // Build a synthetic 248-byte descriptor: 31 LE u64 words, tag at word 0.
     fn desc(tag: u64, fields: &[(usize, u64)]) -> Vec<u8> {


*** /Users/mike/.rustup/toolchains/stable-aarch64-apple-darwin/bin/cargo test --no-run --verbose --package=gputrace-bundle@0.1.0
       Fresh unicode-ident v1.0.24
       Fresh cfg-if v1.0.4
       Fresh simd-adler32 v0.3.10
       Fresh adler2 v2.0.1
       Fresh proc-macro2 v1.0.107
       Fresh miniz_oxide v0.9.1
       Fresh quote v1.0.47
       Fresh crc32fast v1.5.1
       Fresh syn v3.0.4
       Fresh flate2 v1.1.10
       Fresh thiserror-impl v2.0.20
       Fresh thiserror v2.0.20
       Dirty gputrace-bundle v0.1.0 (/private/var/folders/r2/hsbbw3qn07g6x3fm6ksx9yqc0000gn/T/cargo-mutants-gputrace-bundle-sqWZsb.tmp): the file `src/descriptor.rs` has changed (1788471186.495560182s, 1s after last build at 1788471185.663549883s)
   Compiling gputrace-bundle v0.1.0 (/private/var/folders/r2/hsbbw3qn07g6x3fm6ksx9yqc0000gn/T/cargo-mutants-gputrace-bundle-sqWZsb.tmp)
     Running `/Users/mike/.rustup/toolchains/stable-aarch64-apple-darwin/bin/rustc --crate-name gputrace_bundle --edition=2024 src/lib.rs --error-format=json --json=diagnostic-rendered-ansi,artifacts,future-incompat --emit=dep-info,link -C embed-bitcode=no -C debuginfo=2 -C split-debuginfo=unpacked --test --check-cfg 'cfg(docsrs,test)' --check-cfg 'cfg(feature, values())' -C metadata=1651f42ca0476b7c -C extra-filename=-9da4ac5225da4028 --out-dir /private/var/folders/r2/hsbbw3qn07g6x3fm6ksx9yqc0000gn/T/cargo-mutants-gputrace-bundle-sqWZsb.tmp/target/debug/deps -C incremental=/private/var/folders/r2/hsbbw3qn07g6x3fm6ksx9yqc0000gn/T/cargo-mutants-gputrace-bundle-sqWZsb.tmp/target/debug/incremental -L dependency=/private/var/folders/r2/hsbbw3qn07g6x3fm6ksx9yqc0000gn/T/cargo-mutants-gputrace-bundle-sqWZsb.tmp/target/debug/deps --extern flate2=/private/var/folders/r2/hsbbw3qn07g6x3fm6ksx9yqc0000gn/T/cargo-mutants-gputrace-bundle-sqWZsb.tmp/target/debug/deps/libflate2-6ed0328aaf93bb43.rlib --extern thiserror=/private/var/folders/r2/hsbbw3qn07g6x3fm6ksx9yqc0000gn/T/cargo-mutants-gputrace-bundle-sqWZsb.tmp/target/debug/deps/libthiserror-0c7fe80d0d5d62dd.rlib`
     Running `/Users/mike/.rustup/toolchains/stable-aarch64-apple-darwin/bin/rustc --crate-name gputrace_bundle --edition=2024 src/lib.rs --error-format=json --json=diagnostic-rendered-ansi,artifacts,future-incompat --crate-type lib --emit=dep-info,metadata,link -C embed-bitcode=no -C debuginfo=2 -C split-debuginfo=unpacked --check-cfg 'cfg(docsrs,test)' --check-cfg 'cfg(feature, values())' -C metadata=d5da6b8e11201b0f -C extra-filename=-5d4965340fd4d5ca --out-dir /private/var/folders/r2/hsbbw3qn07g6x3fm6ksx9yqc0000gn/T/cargo-mutants-gputrace-bundle-sqWZsb.tmp/target/debug/deps -C incremental=/private/var/folders/r2/hsbbw3qn07g6x3fm6ksx9yqc0000gn/T/cargo-mutants-gputrace-bundle-sqWZsb.tmp/target/debug/incremental -L dependency=/private/var/folders/r2/hsbbw3qn07g6x3fm6ksx9yqc0000gn/T/cargo-mutants-gputrace-bundle-sqWZsb.tmp/target/debug/deps --extern flate2=/private/var/folders/r2/hsbbw3qn07g6x3fm6ksx9yqc0000gn/T/cargo-mutants-gputrace-bundle-sqWZsb.tmp/target/debug/deps/libflate2-6ed0328aaf93bb43.rmeta --extern thiserror=/private/var/folders/r2/hsbbw3qn07g6x3fm6ksx9yqc0000gn/T/cargo-mutants-gputrace-bundle-sqWZsb.tmp/target/debug/deps/libthiserror-0c7fe80d0d5d62dd.rmeta`
warning: unused import: `std::collections::HashMap`
 --> src/descriptor.rs:5:5
  |
5 | use std::collections::HashMap;
  |     ^^^^^^^^^^^^^^^^^^^^^^^^^
  |
  = note: `#[warn(unused_imports)]` (part of `#[warn(unused)]`) on by default

warning: unused variable: `word0s`
  --> src/descriptor.rs:58:26
   |
58 | pub(crate) fn derive_tag(word0s: &[u64]) -> Option<u64> {
   |                          ^^^^^^ help: if this is intentional, prefix it with an underscore: `_word0s`
   |
   = note: `#[warn(unused_variables)]` (part of `#[warn(unused)]`) on by default

warning: `gputrace-bundle` (lib) generated 2 warnings (1 duplicate) (run `cargo fix --lib -p gputrace-bundle` to apply 1 suggestion)
     Running `/Users/mike/.rustup/toolchains/stable-aarch64-apple-darwin/bin/rustc --crate-name parse --edition=2024 tests/parse.rs --error-format=json --json=diagnostic-rendered-ansi,artifacts,future-incompat --emit=dep-info,link -C embed-bitcode=no -C debuginfo=2 -C split-debuginfo=unpacked --test --check-cfg 'cfg(docsrs,test)' --check-cfg 'cfg(feature, values())' -C metadata=00bda02fa3e81191 -C extra-filename=-73a87b697fa7cd62 --out-dir /private/var/folders/r2/hsbbw3qn07g6x3fm6ksx9yqc0000gn/T/cargo-mutants-gputrace-bundle-sqWZsb.tmp/target/debug/deps -C incremental=/private/var/folders/r2/hsbbw3qn07g6x3fm6ksx9yqc0000gn/T/cargo-mutants-gputrace-bundle-sqWZsb.tmp/target/debug/incremental -L dependency=/private/var/folders/r2/hsbbw3qn07g6x3fm6ksx9yqc0000gn/T/cargo-mutants-gputrace-bundle-sqWZsb.tmp/target/debug/deps --extern flate2=/private/var/folders/r2/hsbbw3qn07g6x3fm6ksx9yqc0000gn/T/cargo-mutants-gputrace-bundle-sqWZsb.tmp/target/debug/deps/libflate2-6ed0328aaf93bb43.rlib --extern gputrace_bundle=/private/var/folders/r2/hsbbw3qn07g6x3fm6ksx9yqc0000gn/T/cargo-mutants-gputrace-bundle-sqWZsb.tmp/target/debug/deps/libgputrace_bundle-5d4965340fd4d5ca.rlib --extern thiserror=/private/var/folders/r2/hsbbw3qn07g6x3fm6ksx9yqc0000gn/T/cargo-mutants-gputrace-bundle-sqWZsb.tmp/target/debug/deps/libthiserror-0c7fe80d0d5d62dd.rlib`
     Running `/Users/mike/.rustup/toolchains/stable-aarch64-apple-darwin/bin/rustc --crate-name fuzz --edition=2024 tests/fuzz.rs --error-format=json --json=diagnostic-rendered-ansi,artifacts,future-incompat --emit=dep-info,link -C embed-bitcode=no -C debuginfo=2 -C split-debuginfo=unpacked --test --check-cfg 'cfg(docsrs,test)' --check-cfg 'cfg(feature, values())' -C metadata=4ff4d6e6fc50a01d -C extra-filename=-b7b8e8cb516c09a7 --out-dir /private/var/folders/r2/hsbbw3qn07g6x3fm6ksx9yqc0000gn/T/cargo-mutants-gputrace-bundle-sqWZsb.tmp/target/debug/deps -C incremental=/private/var/folders/r2/hsbbw3qn07g6x3fm6ksx9yqc0000gn/T/cargo-mutants-gputrace-bundle-sqWZsb.tmp/target/debug/incremental -L dependency=/private/var/folders/r2/hsbbw3qn07g6x3fm6ksx9yqc0000gn/T/cargo-mutants-gputrace-bundle-sqWZsb.tmp/target/debug/deps --extern flate2=/private/var/folders/r2/hsbbw3qn07g6x3fm6ksx9yqc0000gn/T/cargo-mutants-gputrace-bundle-sqWZsb.tmp/target/debug/deps/libflate2-6ed0328aaf93bb43.rlib --extern gputrace_bundle=/private/var/folders/r2/hsbbw3qn07g6x3fm6ksx9yqc0000gn/T/cargo-mutants-gputrace-bundle-sqWZsb.tmp/target/debug/deps/libgputrace_bundle-5d4965340fd4d5ca.rlib --extern thiserror=/private/var/folders/r2/hsbbw3qn07g6x3fm6ksx9yqc0000gn/T/cargo-mutants-gputrace-bundle-sqWZsb.tmp/target/debug/deps/libthiserror-0c7fe80d0d5d62dd.rlib`
warning: `gputrace-bundle` (lib test) generated 2 warnings (1 duplicate) (run `cargo fix --lib -p gputrace-bundle --tests` to apply 1 suggestion)
    Finished `test` profile [unoptimized + debuginfo] target(s) in 0.57s
  Executable `/private/var/folders/r2/hsbbw3qn07g6x3fm6ksx9yqc0000gn/T/cargo-mutants-gputrace-bundle-sqWZsb.tmp/target/debug/deps/gputrace_bundle-9da4ac5225da4028`
  Executable `/private/var/folders/r2/hsbbw3qn07g6x3fm6ksx9yqc0000gn/T/cargo-mutants-gputrace-bundle-sqWZsb.tmp/target/debug/deps/fuzz-b7b8e8cb516c09a7`
  Executable `/private/var/folders/r2/hsbbw3qn07g6x3fm6ksx9yqc0000gn/T/cargo-mutants-gputrace-bundle-sqWZsb.tmp/target/debug/deps/parse-73a87b697fa7cd62`

*** result: Success

*** /Users/mike/.rustup/toolchains/stable-aarch64-apple-darwin/bin/cargo test --verbose --package=gputrace-bundle@0.1.0
       Fresh unicode-ident v1.0.24
       Fresh cfg-if v1.0.4
       Fresh adler2 v2.0.1
       Fresh simd-adler32 v0.3.10
       Fresh proc-macro2 v1.0.107
       Fresh miniz_oxide v0.9.1
       Fresh quote v1.0.47
       Fresh crc32fast v1.5.1
       Fresh syn v3.0.4
       Fresh flate2 v1.1.10
       Fresh thiserror-impl v2.0.20
       Fresh thiserror v2.0.20
warning: unused import: `std::collections::HashMap`
 --> src/descriptor.rs:5:5
  |
5 | use std::collections::HashMap;
  |     ^^^^^^^^^^^^^^^^^^^^^^^^^
  |
  = note: `#[warn(unused_imports)]` (part of `#[warn(unused)]`) on by default

warning: unused variable: `word0s`
  --> src/descriptor.rs:58:26
   |
58 | pub(crate) fn derive_tag(word0s: &[u64]) -> Option<u64> {
   |                          ^^^^^^ help: if this is intentional, prefix it with an underscore: `_word0s`
   |
   = note: `#[warn(unused_variables)]` (part of `#[warn(unused)]`) on by default

warning: `gputrace-bundle` (lib) generated 2 warnings (run `cargo fix --lib -p gputrace-bundle` to apply 2 suggestions)
warning: `gputrace-bundle` (lib test) generated 2 warnings (2 duplicates)
       Fresh gputrace-bundle v0.1.0 (/private/var/folders/r2/hsbbw3qn07g6x3fm6ksx9yqc0000gn/T/cargo-mutants-gputrace-bundle-sqWZsb.tmp)
    Finished `test` profile [unoptimized + debuginfo] target(s) in 0.01s
     Running `/private/var/folders/r2/hsbbw3qn07g6x3fm6ksx9yqc0000gn/T/cargo-mutants-gputrace-bundle-sqWZsb.tmp/target/debug/deps/gputrace_bundle-9da4ac5225da4028`

running 11 tests
test index::tests::rejects_foreign_magic ... ok
test descriptor::tests::parses_the_word_map ... ok
test index::tests::bucket_table_maps_alias_to_canonical ... ok
test index::tests::invalid_bucket_table_is_absent ... ok
test index::tests::a_partially_empty_bucket_is_rejected_not_skipped ... ok
test index::tests::parses_header_and_record_offset ... ok
test index::tests::parses_a_record_and_detects_alias ... ok
test store::tests::rejects_out_of_range_extent ... ok
test descriptor::tests::derives_the_modal_tag ... FAILED
test store::tests::rejects_a_size_mismatch ... ok
test store::tests::reads_one_stream_at_an_offset ... ok

failures:

---- descriptor::tests::derives_the_modal_tag stdout ----

thread 'descriptor::tests::derives_the_modal_tag' (13068820) panicked at src/descriptor.rs:113:9:
assertion `left == right` failed
  left: Some(0)
 right: Some(225)
note: run with `RUST_BACKTRACE=1` environment variable to display a backtrace


failures:
    descriptor::tests::derives_the_modal_tag

test result: FAILED. 10 passed; 1 failed; 0 ignored; 0 measured; 0 filtered out; finished in 0.00s

error: test failed, to rerun pass `-p gputrace-bundle --lib`

*** result: Failure(101)
