
*** src/lib.rs:48:12: delete ! in Bundle::open

*** mutation diff:
--- src/lib.rs
+++ delete ! in Bundle::open
@@ -40,17 +40,17 @@
 #[derive(Debug)]
 pub struct Bundle {
     name: String,
     textures: Vec<TextureDescriptor>,
 }
 
 impl Bundle {
     pub fn open(path: &Path) -> Result<Bundle, Error> {
-        if !path.is_dir() {
+        if  /* ~ changed by cargo-mutants ~ */path.is_dir() {
             return Err(Error::NotABundle(path.to_path_buf()));
         }
         let index = read_member(path, "index")?;
         let store0 = read_member(path, "store0")?;
 
         let header = Header::parse(&index)?;
         let rec_off = header.record_array_offset()?;
         // `record_count` is untrusted (a u32 straight from the header); bound


*** /Users/mike/.rustup/toolchains/stable-aarch64-apple-darwin/bin/cargo test --no-run --verbose --package=gputrace-bundle@0.1.0
       Fresh unicode-ident v1.0.24
       Fresh simd-adler32 v0.3.10
       Fresh cfg-if v1.0.4
       Fresh adler2 v2.0.1
       Fresh proc-macro2 v1.0.107
       Fresh miniz_oxide v0.9.1
       Fresh quote v1.0.47
       Fresh crc32fast v1.5.1
       Fresh syn v3.0.4
       Fresh flate2 v1.1.10
       Fresh thiserror-impl v2.0.20
       Fresh thiserror v2.0.20
       Dirty gputrace-bundle v0.1.0 (/private/var/folders/r2/hsbbw3qn07g6x3fm6ksx9yqc0000gn/T/cargo-mutants-gputrace-bundle-sqWZsb.tmp): couldn't read metadata for file `target/debug/deps/libgputrace_bundle-5d4965340fd4d5ca.rlib`
   Compiling gputrace-bundle v0.1.0 (/private/var/folders/r2/hsbbw3qn07g6x3fm6ksx9yqc0000gn/T/cargo-mutants-gputrace-bundle-sqWZsb.tmp)
     Running `/Users/mike/.rustup/toolchains/stable-aarch64-apple-darwin/bin/rustc --crate-name gputrace_bundle --edition=2024 src/lib.rs --error-format=json --json=diagnostic-rendered-ansi,artifacts,future-incompat --emit=dep-info,link -C embed-bitcode=no -C debuginfo=2 -C split-debuginfo=unpacked --test --check-cfg 'cfg(docsrs,test)' --check-cfg 'cfg(feature, values())' -C metadata=1651f42ca0476b7c -C extra-filename=-9da4ac5225da4028 --out-dir /private/var/folders/r2/hsbbw3qn07g6x3fm6ksx9yqc0000gn/T/cargo-mutants-gputrace-bundle-sqWZsb.tmp/target/debug/deps -C incremental=/private/var/folders/r2/hsbbw3qn07g6x3fm6ksx9yqc0000gn/T/cargo-mutants-gputrace-bundle-sqWZsb.tmp/target/debug/incremental -L dependency=/private/var/folders/r2/hsbbw3qn07g6x3fm6ksx9yqc0000gn/T/cargo-mutants-gputrace-bundle-sqWZsb.tmp/target/debug/deps --extern flate2=/private/var/folders/r2/hsbbw3qn07g6x3fm6ksx9yqc0000gn/T/cargo-mutants-gputrace-bundle-sqWZsb.tmp/target/debug/deps/libflate2-6ed0328aaf93bb43.rlib --extern thiserror=/private/var/folders/r2/hsbbw3qn07g6x3fm6ksx9yqc0000gn/T/cargo-mutants-gputrace-bundle-sqWZsb.tmp/target/debug/deps/libthiserror-0c7fe80d0d5d62dd.rlib`
     Running `/Users/mike/.rustup/toolchains/stable-aarch64-apple-darwin/bin/rustc --crate-name gputrace_bundle --edition=2024 src/lib.rs --error-format=json --json=diagnostic-rendered-ansi,artifacts,future-incompat --crate-type lib --emit=dep-info,metadata,link -C embed-bitcode=no -C debuginfo=2 -C split-debuginfo=unpacked --check-cfg 'cfg(docsrs,test)' --check-cfg 'cfg(feature, values())' -C metadata=d5da6b8e11201b0f -C extra-filename=-5d4965340fd4d5ca --out-dir /private/var/folders/r2/hsbbw3qn07g6x3fm6ksx9yqc0000gn/T/cargo-mutants-gputrace-bundle-sqWZsb.tmp/target/debug/deps -C incremental=/private/var/folders/r2/hsbbw3qn07g6x3fm6ksx9yqc0000gn/T/cargo-mutants-gputrace-bundle-sqWZsb.tmp/target/debug/incremental -L dependency=/private/var/folders/r2/hsbbw3qn07g6x3fm6ksx9yqc0000gn/T/cargo-mutants-gputrace-bundle-sqWZsb.tmp/target/debug/deps --extern flate2=/private/var/folders/r2/hsbbw3qn07g6x3fm6ksx9yqc0000gn/T/cargo-mutants-gputrace-bundle-sqWZsb.tmp/target/debug/deps/libflate2-6ed0328aaf93bb43.rmeta --extern thiserror=/private/var/folders/r2/hsbbw3qn07g6x3fm6ksx9yqc0000gn/T/cargo-mutants-gputrace-bundle-sqWZsb.tmp/target/debug/deps/libthiserror-0c7fe80d0d5d62dd.rmeta`
     Running `/Users/mike/.rustup/toolchains/stable-aarch64-apple-darwin/bin/rustc --crate-name parse --edition=2024 tests/parse.rs --error-format=json --json=diagnostic-rendered-ansi,artifacts,future-incompat --emit=dep-info,link -C embed-bitcode=no -C debuginfo=2 -C split-debuginfo=unpacked --test --check-cfg 'cfg(docsrs,test)' --check-cfg 'cfg(feature, values())' -C metadata=00bda02fa3e81191 -C extra-filename=-73a87b697fa7cd62 --out-dir /private/var/folders/r2/hsbbw3qn07g6x3fm6ksx9yqc0000gn/T/cargo-mutants-gputrace-bundle-sqWZsb.tmp/target/debug/deps -C incremental=/private/var/folders/r2/hsbbw3qn07g6x3fm6ksx9yqc0000gn/T/cargo-mutants-gputrace-bundle-sqWZsb.tmp/target/debug/incremental -L dependency=/private/var/folders/r2/hsbbw3qn07g6x3fm6ksx9yqc0000gn/T/cargo-mutants-gputrace-bundle-sqWZsb.tmp/target/debug/deps --extern flate2=/private/var/folders/r2/hsbbw3qn07g6x3fm6ksx9yqc0000gn/T/cargo-mutants-gputrace-bundle-sqWZsb.tmp/target/debug/deps/libflate2-6ed0328aaf93bb43.rlib --extern gputrace_bundle=/private/var/folders/r2/hsbbw3qn07g6x3fm6ksx9yqc0000gn/T/cargo-mutants-gputrace-bundle-sqWZsb.tmp/target/debug/deps/libgputrace_bundle-5d4965340fd4d5ca.rlib --extern thiserror=/private/var/folders/r2/hsbbw3qn07g6x3fm6ksx9yqc0000gn/T/cargo-mutants-gputrace-bundle-sqWZsb.tmp/target/debug/deps/libthiserror-0c7fe80d0d5d62dd.rlib`
     Running `/Users/mike/.rustup/toolchains/stable-aarch64-apple-darwin/bin/rustc --crate-name fuzz --edition=2024 tests/fuzz.rs --error-format=json --json=diagnostic-rendered-ansi,artifacts,future-incompat --emit=dep-info,link -C embed-bitcode=no -C debuginfo=2 -C split-debuginfo=unpacked --test --check-cfg 'cfg(docsrs,test)' --check-cfg 'cfg(feature, values())' -C metadata=4ff4d6e6fc50a01d -C extra-filename=-b7b8e8cb516c09a7 --out-dir /private/var/folders/r2/hsbbw3qn07g6x3fm6ksx9yqc0000gn/T/cargo-mutants-gputrace-bundle-sqWZsb.tmp/target/debug/deps -C incremental=/private/var/folders/r2/hsbbw3qn07g6x3fm6ksx9yqc0000gn/T/cargo-mutants-gputrace-bundle-sqWZsb.tmp/target/debug/incremental -L dependency=/private/var/folders/r2/hsbbw3qn07g6x3fm6ksx9yqc0000gn/T/cargo-mutants-gputrace-bundle-sqWZsb.tmp/target/debug/deps --extern flate2=/private/var/folders/r2/hsbbw3qn07g6x3fm6ksx9yqc0000gn/T/cargo-mutants-gputrace-bundle-sqWZsb.tmp/target/debug/deps/libflate2-6ed0328aaf93bb43.rlib --extern gputrace_bundle=/private/var/folders/r2/hsbbw3qn07g6x3fm6ksx9yqc0000gn/T/cargo-mutants-gputrace-bundle-sqWZsb.tmp/target/debug/deps/libgputrace_bundle-5d4965340fd4d5ca.rlib --extern thiserror=/private/var/folders/r2/hsbbw3qn07g6x3fm6ksx9yqc0000gn/T/cargo-mutants-gputrace-bundle-sqWZsb.tmp/target/debug/deps/libthiserror-0c7fe80d0d5d62dd.rlib`
    Finished `test` profile [unoptimized + debuginfo] target(s) in 0.57s
  Executable `/private/var/folders/r2/hsbbw3qn07g6x3fm6ksx9yqc0000gn/T/cargo-mutants-gputrace-bundle-sqWZsb.tmp/target/debug/deps/gputrace_bundle-9da4ac5225da4028`
  Executable `/private/var/folders/r2/hsbbw3qn07g6x3fm6ksx9yqc0000gn/T/cargo-mutants-gputrace-bundle-sqWZsb.tmp/target/debug/deps/fuzz-b7b8e8cb516c09a7`
  Executable `/private/var/folders/r2/hsbbw3qn07g6x3fm6ksx9yqc0000gn/T/cargo-mutants-gputrace-bundle-sqWZsb.tmp/target/debug/deps/parse-73a87b697fa7cd62`

*** result: Success

*** /Users/mike/.rustup/toolchains/stable-aarch64-apple-darwin/bin/cargo test --verbose --package=gputrace-bundle@0.1.0
       Fresh unicode-ident v1.0.24
       Fresh simd-adler32 v0.3.10
       Fresh adler2 v2.0.1
       Fresh cfg-if v1.0.4
       Fresh proc-macro2 v1.0.107
       Fresh miniz_oxide v0.9.1
       Fresh quote v1.0.47
       Fresh crc32fast v1.5.1
       Fresh syn v3.0.4
       Fresh flate2 v1.1.10
       Fresh thiserror-impl v2.0.20
       Fresh thiserror v2.0.20
       Fresh gputrace-bundle v0.1.0 (/private/var/folders/r2/hsbbw3qn07g6x3fm6ksx9yqc0000gn/T/cargo-mutants-gputrace-bundle-sqWZsb.tmp)
    Finished `test` profile [unoptimized + debuginfo] target(s) in 0.01s
     Running `/private/var/folders/r2/hsbbw3qn07g6x3fm6ksx9yqc0000gn/T/cargo-mutants-gputrace-bundle-sqWZsb.tmp/target/debug/deps/gputrace_bundle-9da4ac5225da4028`

running 11 tests
test index::tests::parses_header_and_record_offset ... ok
test index::tests::rejects_foreign_magic ... ok
test descriptor::tests::derives_the_modal_tag ... ok
test descriptor::tests::parses_the_word_map ... ok
test index::tests::bucket_table_maps_alias_to_canonical ... ok
test index::tests::invalid_bucket_table_is_absent ... ok
test index::tests::parses_a_record_and_detects_alias ... ok
test index::tests::a_partially_empty_bucket_is_rejected_not_skipped ... ok
test store::tests::rejects_out_of_range_extent ... ok
test store::tests::rejects_a_size_mismatch ... ok
test store::tests::reads_one_stream_at_an_offset ... ok

test result: ok. 11 passed; 0 failed; 0 ignored; 0 measured; 0 filtered out; finished in 0.00s

     Running `/private/var/folders/r2/hsbbw3qn07g6x3fm6ksx9yqc0000gn/T/cargo-mutants-gputrace-bundle-sqWZsb.tmp/target/debug/deps/fuzz-b7b8e8cb516c09a7`

running 1 test
test open_is_total_over_adversarial_input ... ok

test result: ok. 1 passed; 0 failed; 0 ignored; 0 measured; 0 filtered out; finished in 0.05s

     Running `/private/var/folders/r2/hsbbw3qn07g6x3fm6ksx9yqc0000gn/T/cargo-mutants-gputrace-bundle-sqWZsb.tmp/target/debug/deps/parse-73a87b697fa7cd62`

running 5 tests
test trailing_bytes_after_the_record_array_are_tolerated ... FAILED
test oversized_record_count_against_short_index_is_rejected ... FAILED
test alias_to_a_bogus_sized_canonical_is_skipped_not_read ... FAILED
test alias_whose_canonical_is_itself_an_alias_yields_no_texture ... FAILED
test opens_parses_resolves_alias_and_sorts ... FAILED

failures:

---- trailing_bytes_after_the_record_array_are_tolerated stdout ----

thread 'trailing_bytes_after_the_record_array_are_tolerated' (13051807) panicked at tests/parse.rs:199:54:
called `Result::unwrap()` on an `Err` value: NotABundle("/var/folders/r2/hsbbw3qn07g6x3fm6ksx9yqc0000gn/T/bundle_parse_trailing_48186/synthetic.gputrace")

---- oversized_record_count_against_short_index_is_rejected stdout ----

thread 'oversized_record_count_against_short_index_is_rejected' (13051806) panicked at tests/parse.rs:166:5:
assertion failed: matches!(err, gputrace_bundle::Error::BadIndex(_))
note: run with `RUST_BACKTRACE=1` environment variable to display a backtrace

---- alias_to_a_bogus_sized_canonical_is_skipped_not_read stdout ----

thread 'alias_to_a_bogus_sized_canonical_is_skipped_not_read' (13051803) panicked at tests/parse.rs:139:54:
called `Result::unwrap()` on an `Err` value: NotABundle("/var/folders/r2/hsbbw3qn07g6x3fm6ksx9yqc0000gn/T/bundle_parse_alias_bogus_48186/synthetic.gputrace")

---- alias_whose_canonical_is_itself_an_alias_yields_no_texture stdout ----

thread 'alias_whose_canonical_is_itself_an_alias_yields_no_texture' (13051804) panicked at tests/parse.rs:256:54:
called `Result::unwrap()` on an `Err` value: NotABundle("/var/folders/r2/hsbbw3qn07g6x3fm6ksx9yqc0000gn/T/bundle_parse_alias2_48186/synthetic.gputrace")

---- opens_parses_resolves_alias_and_sorts stdout ----

thread 'opens_parses_resolves_alias_and_sorts' (13051805) panicked at tests/parse.rs:79:54:
called `Result::unwrap()` on an `Err` value: NotABundle("/var/folders/r2/hsbbw3qn07g6x3fm6ksx9yqc0000gn/T/bundle_parse_48186/synthetic.gputrace")


failures:
    alias_to_a_bogus_sized_canonical_is_skipped_not_read
    alias_whose_canonical_is_itself_an_alias_yields_no_texture
    opens_parses_resolves_alias_and_sorts
    oversized_record_count_against_short_index_is_rejected
    trailing_bytes_after_the_record_array_are_tolerated

test result: FAILED. 0 passed; 5 failed; 0 ignored; 0 measured; 0 filtered out; finished in 0.00s

error: test failed, to rerun pass `-p gputrace-bundle --test parse`

*** result: Failure(101)
