
*** src/store.rs:16:5: replace read_extent -> Option<Vec<u8>> with Some(vec![1])

*** mutation diff:
--- src/store.rs
+++ replace read_extent -> Option<Vec<u8>> with Some(vec![1])
@@ -8,29 +8,17 @@
 /// must decompress to exactly `usize_len` bytes. Returns `None` on any
 /// bounds/inflate/size failure (the caller skips such a record).
 pub(crate) fn read_extent(
     store0: &[u8],
     offset: u64,
     csize: u32,
     usize_len: u32,
 ) -> Option<Vec<u8>> {
-    let start = usize::try_from(offset).ok()?;
-    let end = start.checked_add(csize as usize)?;
-    let extent = store0.get(start..end)?;
-    let mut dec = ZlibDecoder::new(extent);
-    let mut out = vec![0u8; usize_len as usize];
-    dec.read_exact(&mut out).ok()?;
-    // The stream must end exactly here: a further byte would mean it inflated
-    // past the declared size (or ran into a following stream).
-    let mut extra = [0u8; 1];
-    match dec.read(&mut extra) {
-        Ok(0) => Some(out),
-        _ => None,
-    }
+    Some(vec![1]) /* ~ changed by cargo-mutants ~ */
 }
 
 #[cfg(test)]
 mod tests {
     use super::read_extent;
     use flate2::{Compression, write::ZlibEncoder};
     use std::io::Write;
 


*** /Users/mike/.rustup/toolchains/stable-aarch64-apple-darwin/bin/cargo test --no-run --verbose --package=gputrace-bundle@0.1.0
       Fresh unicode-ident v1.0.24
       Fresh adler2 v2.0.1
       Fresh simd-adler32 v0.3.10
       Fresh cfg-if v1.0.4
       Fresh proc-macro2 v1.0.107
       Fresh miniz_oxide v0.9.1
       Fresh quote v1.0.47
       Fresh crc32fast v1.5.1
       Fresh syn v3.0.4
       Fresh flate2 v1.1.10
       Fresh thiserror-impl v2.0.20
       Fresh thiserror v2.0.20
       Dirty gputrace-bundle v0.1.0 (/private/var/folders/r2/hsbbw3qn07g6x3fm6ksx9yqc0000gn/T/cargo-mutants-gputrace-bundle-sqWZsb.tmp): the file `src/store.rs` has changed (1788471227.425222908s, 1s after last build at 1788471226.426785066s)
   Compiling gputrace-bundle v0.1.0 (/private/var/folders/r2/hsbbw3qn07g6x3fm6ksx9yqc0000gn/T/cargo-mutants-gputrace-bundle-sqWZsb.tmp)
     Running `/Users/mike/.rustup/toolchains/stable-aarch64-apple-darwin/bin/rustc --crate-name gputrace_bundle --edition=2024 src/lib.rs --error-format=json --json=diagnostic-rendered-ansi,artifacts,future-incompat --emit=dep-info,link -C embed-bitcode=no -C debuginfo=2 -C split-debuginfo=unpacked --test --check-cfg 'cfg(docsrs,test)' --check-cfg 'cfg(feature, values())' -C metadata=1651f42ca0476b7c -C extra-filename=-9da4ac5225da4028 --out-dir /private/var/folders/r2/hsbbw3qn07g6x3fm6ksx9yqc0000gn/T/cargo-mutants-gputrace-bundle-sqWZsb.tmp/target/debug/deps -C incremental=/private/var/folders/r2/hsbbw3qn07g6x3fm6ksx9yqc0000gn/T/cargo-mutants-gputrace-bundle-sqWZsb.tmp/target/debug/incremental -L dependency=/private/var/folders/r2/hsbbw3qn07g6x3fm6ksx9yqc0000gn/T/cargo-mutants-gputrace-bundle-sqWZsb.tmp/target/debug/deps --extern flate2=/private/var/folders/r2/hsbbw3qn07g6x3fm6ksx9yqc0000gn/T/cargo-mutants-gputrace-bundle-sqWZsb.tmp/target/debug/deps/libflate2-6ed0328aaf93bb43.rlib --extern thiserror=/private/var/folders/r2/hsbbw3qn07g6x3fm6ksx9yqc0000gn/T/cargo-mutants-gputrace-bundle-sqWZsb.tmp/target/debug/deps/libthiserror-0c7fe80d0d5d62dd.rlib`
     Running `/Users/mike/.rustup/toolchains/stable-aarch64-apple-darwin/bin/rustc --crate-name gputrace_bundle --edition=2024 src/lib.rs --error-format=json --json=diagnostic-rendered-ansi,artifacts,future-incompat --crate-type lib --emit=dep-info,metadata,link -C embed-bitcode=no -C debuginfo=2 -C split-debuginfo=unpacked --check-cfg 'cfg(docsrs,test)' --check-cfg 'cfg(feature, values())' -C metadata=d5da6b8e11201b0f -C extra-filename=-5d4965340fd4d5ca --out-dir /private/var/folders/r2/hsbbw3qn07g6x3fm6ksx9yqc0000gn/T/cargo-mutants-gputrace-bundle-sqWZsb.tmp/target/debug/deps -C incremental=/private/var/folders/r2/hsbbw3qn07g6x3fm6ksx9yqc0000gn/T/cargo-mutants-gputrace-bundle-sqWZsb.tmp/target/debug/incremental -L dependency=/private/var/folders/r2/hsbbw3qn07g6x3fm6ksx9yqc0000gn/T/cargo-mutants-gputrace-bundle-sqWZsb.tmp/target/debug/deps --extern flate2=/private/var/folders/r2/hsbbw3qn07g6x3fm6ksx9yqc0000gn/T/cargo-mutants-gputrace-bundle-sqWZsb.tmp/target/debug/deps/libflate2-6ed0328aaf93bb43.rmeta --extern thiserror=/private/var/folders/r2/hsbbw3qn07g6x3fm6ksx9yqc0000gn/T/cargo-mutants-gputrace-bundle-sqWZsb.tmp/target/debug/deps/libthiserror-0c7fe80d0d5d62dd.rmeta`
warning: unused import: `flate2::read::ZlibDecoder`
 --> src/store.rs:4:5
  |
4 | use flate2::read::ZlibDecoder;
  |     ^^^^^^^^^^^^^^^^^^^^^^^^^
  |
  = note: `#[warn(unused_imports)]` (part of `#[warn(unused)]`) on by default

warning: unused import: `std::io::Read`
 --> src/store.rs:5:5
  |
5 | use std::io::Read;
  |     ^^^^^^^^^^^^^

warning: unused variable: `store0`
  --> src/store.rs:11:5
   |
11 |     store0: &[u8],
   |     ^^^^^^ help: if this is intentional, prefix it with an underscore: `_store0`
   |
   = note: `#[warn(unused_variables)]` (part of `#[warn(unused)]`) on by default

warning: unused variable: `offset`
  --> src/store.rs:12:5
   |
12 |     offset: u64,
   |     ^^^^^^ help: if this is intentional, prefix it with an underscore: `_offset`

warning: unused variable: `csize`
  --> src/store.rs:13:5
   |
13 |     csize: u32,
   |     ^^^^^ help: if this is intentional, prefix it with an underscore: `_csize`

warning: unused variable: `usize_len`
  --> src/store.rs:14:5
   |
14 |     usize_len: u32,
   |     ^^^^^^^^^ help: if this is intentional, prefix it with an underscore: `_usize_len`

warning: `gputrace-bundle` (lib) generated 6 warnings (run `cargo fix --lib -p gputrace-bundle` to apply 6 suggestions)
     Running `/Users/mike/.rustup/toolchains/stable-aarch64-apple-darwin/bin/rustc --crate-name fuzz --edition=2024 tests/fuzz.rs --error-format=json --json=diagnostic-rendered-ansi,artifacts,future-incompat --emit=dep-info,link -C embed-bitcode=no -C debuginfo=2 -C split-debuginfo=unpacked --test --check-cfg 'cfg(docsrs,test)' --check-cfg 'cfg(feature, values())' -C metadata=4ff4d6e6fc50a01d -C extra-filename=-b7b8e8cb516c09a7 --out-dir /private/var/folders/r2/hsbbw3qn07g6x3fm6ksx9yqc0000gn/T/cargo-mutants-gputrace-bundle-sqWZsb.tmp/target/debug/deps -C incremental=/private/var/folders/r2/hsbbw3qn07g6x3fm6ksx9yqc0000gn/T/cargo-mutants-gputrace-bundle-sqWZsb.tmp/target/debug/incremental -L dependency=/private/var/folders/r2/hsbbw3qn07g6x3fm6ksx9yqc0000gn/T/cargo-mutants-gputrace-bundle-sqWZsb.tmp/target/debug/deps --extern flate2=/private/var/folders/r2/hsbbw3qn07g6x3fm6ksx9yqc0000gn/T/cargo-mutants-gputrace-bundle-sqWZsb.tmp/target/debug/deps/libflate2-6ed0328aaf93bb43.rlib --extern gputrace_bundle=/private/var/folders/r2/hsbbw3qn07g6x3fm6ksx9yqc0000gn/T/cargo-mutants-gputrace-bundle-sqWZsb.tmp/target/debug/deps/libgputrace_bundle-5d4965340fd4d5ca.rlib --extern thiserror=/private/var/folders/r2/hsbbw3qn07g6x3fm6ksx9yqc0000gn/T/cargo-mutants-gputrace-bundle-sqWZsb.tmp/target/debug/deps/libthiserror-0c7fe80d0d5d62dd.rlib`
     Running `/Users/mike/.rustup/toolchains/stable-aarch64-apple-darwin/bin/rustc --crate-name parse --edition=2024 tests/parse.rs --error-format=json --json=diagnostic-rendered-ansi,artifacts,future-incompat --emit=dep-info,link -C embed-bitcode=no -C debuginfo=2 -C split-debuginfo=unpacked --test --check-cfg 'cfg(docsrs,test)' --check-cfg 'cfg(feature, values())' -C metadata=00bda02fa3e81191 -C extra-filename=-73a87b697fa7cd62 --out-dir /private/var/folders/r2/hsbbw3qn07g6x3fm6ksx9yqc0000gn/T/cargo-mutants-gputrace-bundle-sqWZsb.tmp/target/debug/deps -C incremental=/private/var/folders/r2/hsbbw3qn07g6x3fm6ksx9yqc0000gn/T/cargo-mutants-gputrace-bundle-sqWZsb.tmp/target/debug/incremental -L dependency=/private/var/folders/r2/hsbbw3qn07g6x3fm6ksx9yqc0000gn/T/cargo-mutants-gputrace-bundle-sqWZsb.tmp/target/debug/deps --extern flate2=/private/var/folders/r2/hsbbw3qn07g6x3fm6ksx9yqc0000gn/T/cargo-mutants-gputrace-bundle-sqWZsb.tmp/target/debug/deps/libflate2-6ed0328aaf93bb43.rlib --extern gputrace_bundle=/private/var/folders/r2/hsbbw3qn07g6x3fm6ksx9yqc0000gn/T/cargo-mutants-gputrace-bundle-sqWZsb.tmp/target/debug/deps/libgputrace_bundle-5d4965340fd4d5ca.rlib --extern thiserror=/private/var/folders/r2/hsbbw3qn07g6x3fm6ksx9yqc0000gn/T/cargo-mutants-gputrace-bundle-sqWZsb.tmp/target/debug/deps/libthiserror-0c7fe80d0d5d62dd.rlib`
warning: `gputrace-bundle` (lib test) generated 6 warnings (6 duplicates)
    Finished `test` profile [unoptimized + debuginfo] target(s) in 0.69s
  Executable `/private/var/folders/r2/hsbbw3qn07g6x3fm6ksx9yqc0000gn/T/cargo-mutants-gputrace-bundle-sqWZsb.tmp/target/debug/deps/gputrace_bundle-9da4ac5225da4028`
  Executable `/private/var/folders/r2/hsbbw3qn07g6x3fm6ksx9yqc0000gn/T/cargo-mutants-gputrace-bundle-sqWZsb.tmp/target/debug/deps/fuzz-b7b8e8cb516c09a7`
  Executable `/private/var/folders/r2/hsbbw3qn07g6x3fm6ksx9yqc0000gn/T/cargo-mutants-gputrace-bundle-sqWZsb.tmp/target/debug/deps/parse-73a87b697fa7cd62`

*** result: Success

*** /Users/mike/.rustup/toolchains/stable-aarch64-apple-darwin/bin/cargo test --verbose --package=gputrace-bundle@0.1.0
       Fresh unicode-ident v1.0.24
       Fresh adler2 v2.0.1
       Fresh simd-adler32 v0.3.10
       Fresh cfg-if v1.0.4
       Fresh proc-macro2 v1.0.107
       Fresh miniz_oxide v0.9.1
       Fresh quote v1.0.47
       Fresh crc32fast v1.5.1
       Fresh syn v3.0.4
       Fresh flate2 v1.1.10
       Fresh thiserror-impl v2.0.20
       Fresh thiserror v2.0.20
warning: unused import: `flate2::read::ZlibDecoder`
 --> src/store.rs:4:5
  |
4 | use flate2::read::ZlibDecoder;
  |     ^^^^^^^^^^^^^^^^^^^^^^^^^
  |
  = note: `#[warn(unused_imports)]` (part of `#[warn(unused)]`) on by default

warning: unused import: `std::io::Read`
 --> src/store.rs:5:5
  |
5 | use std::io::Read;
  |     ^^^^^^^^^^^^^

warning: unused variable: `store0`
  --> src/store.rs:11:5
   |
11 |     store0: &[u8],
   |     ^^^^^^ help: if this is intentional, prefix it with an underscore: `_store0`
   |
   = note: `#[warn(unused_variables)]` (part of `#[warn(unused)]`) on by default

warning: unused variable: `offset`
  --> src/store.rs:12:5
   |
12 |     offset: u64,
   |     ^^^^^^ help: if this is intentional, prefix it with an underscore: `_offset`

warning: unused variable: `csize`
  --> src/store.rs:13:5
   |
13 |     csize: u32,
   |     ^^^^^ help: if this is intentional, prefix it with an underscore: `_csize`

warning: unused variable: `usize_len`
  --> src/store.rs:14:5
   |
14 |     usize_len: u32,
   |     ^^^^^^^^^ help: if this is intentional, prefix it with an underscore: `_usize_len`

warning: `gputrace-bundle` (lib) generated 6 warnings (run `cargo fix --lib -p gputrace-bundle` to apply 6 suggestions)
warning: `gputrace-bundle` (lib test) generated 6 warnings (6 duplicates)
       Fresh gputrace-bundle v0.1.0 (/private/var/folders/r2/hsbbw3qn07g6x3fm6ksx9yqc0000gn/T/cargo-mutants-gputrace-bundle-sqWZsb.tmp)
    Finished `test` profile [unoptimized + debuginfo] target(s) in 0.01s
     Running `/private/var/folders/r2/hsbbw3qn07g6x3fm6ksx9yqc0000gn/T/cargo-mutants-gputrace-bundle-sqWZsb.tmp/target/debug/deps/gputrace_bundle-9da4ac5225da4028`

running 11 tests
test descriptor::tests::derives_the_modal_tag ... ok
test index::tests::rejects_foreign_magic ... ok
test descriptor::tests::parses_the_word_map ... ok
test index::tests::parses_a_record_and_detects_alias ... ok
test index::tests::invalid_bucket_table_is_absent ... ok
test index::tests::a_partially_empty_bucket_is_rejected_not_skipped ... ok
test index::tests::parses_header_and_record_offset ... ok
test index::tests::bucket_table_maps_alias_to_canonical ... ok
test store::tests::rejects_out_of_range_extent ... FAILED
test store::tests::rejects_a_size_mismatch ... FAILED
test store::tests::reads_one_stream_at_an_offset ... FAILED

failures:

---- store::tests::rejects_out_of_range_extent stdout ----

thread 'store::tests::rejects_out_of_range_extent' (13088745) panicked at src/store.rs:44:9:
assertion `left == right` failed
  left: Some([1])
 right: None
note: run with `RUST_BACKTRACE=1` environment variable to display a backtrace

---- store::tests::rejects_a_size_mismatch stdout ----

thread 'store::tests::rejects_a_size_mismatch' (13088744) panicked at src/store.rs:51:9:
assertion `left == right` failed
  left: Some([1])
 right: None

---- store::tests::reads_one_stream_at_an_offset stdout ----

thread 'store::tests::reads_one_stream_at_an_offset' (13088743) panicked at src/store.rs:39:9:
assertion `left == right` failed
  left: Some([1])
 right: Some([116, 104, 101, 32, 100, 101, 115, 99, 114, 105, 112, 116, 111, 114, 32, 98, 121, 116, 101, 115, 116, 104, 101, 32, 100, 101, 115, 99, 114, 105, 112, 116, 111, 114, 32, 98, 121, 116, 101, 115, 116, 104, 101, 32, 100, 101, 115, 99, 114, 105, 112, 116, 111, 114, 32, 98, 121, 116, 101, 115, 116, 104, 101, 32, 100, 101, 115, 99, 114, 105, 112, 116, 111, 114, 32, 98, 121, 116, 101, 115])


failures:
    store::tests::reads_one_stream_at_an_offset
    store::tests::rejects_a_size_mismatch
    store::tests::rejects_out_of_range_extent

test result: FAILED. 8 passed; 3 failed; 0 ignored; 0 measured; 0 filtered out; finished in 0.00s

error: test failed, to rerun pass `-p gputrace-bundle --lib`

*** result: Failure(101)
